// Jest Snapshot v1, https://goo.gl/fbAQLP

exports[`should render ExpenseListItem with expenses 1`] = `
<div>
  <Link
    replace={false}
    to="/edit/1"
  >
    <h3>
      Coffee
    </h3>
  </Link>
  <p>
    Amount: $3.50
    -
    Created at: December 31st, 1969
  </p>
</div>
`;
